<html>
<body>
<pre>
<h1>µVision Build Log</h1>
<h2>Tool Versions:</h2>
IDE-Version: ¦ÌVision V5.27.1.0
Copyright (C) 2019 ARM Ltd and ARM Germany GmbH. All rights reserved.
License Information: 1 Microsoft, Microsoft, LIC=Z3C63-AKAM0-35ETX-HL15E-PE1BW-IPH2E
 
Tool Versions:
Toolchain:       MDK-ARM Professional  Version: 5.27.1.0
Toolchain Path:  d:\Keil_v5\ARM\ARMCC\Bin
C Compiler:      Armcc.exe V5.06 update 6 (build 750)
Assembler:       Armasm.exe V5.06 update 6 (build 750)
Linker/Locator:  ArmLink.exe V5.06 update 6 (build 750)
Library Manager: ArmAr.exe V5.06 update 6 (build 750)
Hex Converter:   FromElf.exe V5.06 update 6 (build 750)
CPU DLL:         SARMCM3.DLL V5.27.1.0
Dialog DLL:      DCM.DLL V1.17.2.0
Target DLL:      Segger\JL2CM3.dll V2.97.0.0
Dialog DLL:      TCM.DLL V1.36.1.0
 
<h2>Project:</h2>
E:\Work\5.SmartChannel\2.Src\NewSmartChannel\MDK_PRO\SMCS_BASE.uvprojx
Project File Date:  02/26/2020

<h2>Output:</h2>
*** Using Compiler 'V5.06 update 6 (build 750)', folder: 'd:\Keil_v5\ARM\ARMCC\Bin'
Build target 'SmartChannelAPP'
compiling system_stm32f4xx.c...
compiling stm32f4xx_it.c...
compiling test.c...
compiling main.c...
compiling tool.c...
compiling Devinfo.c...
compiling errorcode.c...
compiling comm.c...
compiling delay.c...
compiling sys.c...
compiling stmflash.c...
compiling ini.c...
compiling malloc.c...
compiling bsp_beep.c...
compiling bsp_spi_flash.c...
compiling cJSON.c...
compiling bsp_infrared.c...
compiling bsp_key.c...
compiling bsp_led.c...
compiling bsp_time.c...
compiling bsp_Wiegand.c...
compiling bsp_iwdg.c...
compiling bsp.c...
compiling bsp_uart_fifo.c...
compiling UARTQueue.c...
compiling bsp_uart.c...
compiling misc.c...
compiling stm32f4xx_i2c.c...
compiling stm32f4xx_gpio.c...
compiling stm32f4xx_wwdg.c...
compiling stm32f4xx_syscfg.c...
compiling stm32f4xx_rcc.c...
compiling stm32f4xx_usart.c...
compiling stm32f4xx_dma.c...
compiling stm32f4xx_spi.c...
compiling stm32f4xx_flash.c...
compiling stm32f4xx_tim.c...
compiling croutine.c...
compiling event_groups.c...
compiling list.c...
compiling queue.c...
compiling stm32f4xx_iwdg.c...
compiling stm32f4xx_exti.c...
compiling stream_buffer.c...
compiling tasks.c...
compiling heap_4.c...
compiling timers.c...
compiling port.c...
compiling easyflash.c...
compiling ef_utils.c...
compiling sfud_sfdp.c...
compiling sfud.c...
compiling sfud_port.c...
compiling ef_env.c...
compiling ef_port.c...
linking...
Program Size: Code=49254 RO-data=3974 RW-data=444 ZI-data=173036  
FromELF: creating hex file...
After Build - User command #1: fromelf --bin -o "..\6Bin\SmartChannelApp.bin" "..\6Bin\SmartChannelApp.axf"
"..\6Bin\SmartChannelApp.axf" - 0 Error(s), 0 Warning(s).

<h2>Software Packages used:</h2>

Package Vendor: Keil
                http://www.keil.com/pack/Keil.STM32F4xx_DFP.2.14.0.pack
                Keil.STM32F4xx_DFP.2.14.0
                STMicroelectronics STM32F4 Series Device Support, Drivers and Examples

<h2>Collection of Component include folders:</h2>
  .\RTE\_SmartChannelAPP
  d:\Keil_v5\Packs\Keil\STM32F4xx_DFP\2.14.0\Drivers\CMSIS\Device\ST\STM32F4xx\Include

<h2>Collection of Component Files used:</h2>
Build Time Elapsed:  00:00:11
</pre>
</body>
</html>
