<html>
<body>
<pre>
<h1>µVision Build Log</h1>
<h2>Tool Versions:</h2>
IDE-Version: ¦ÌVision V5.27.1.0
Copyright (C) 2019 ARM Ltd and ARM Germany GmbH. All rights reserved.
License Information: 1 Microsoft, Microsoft, LIC=Z3C63-AKAM0-35ETX-HL15E-PE1BW-IPH2E
 
Tool Versions:
Toolchain:       MDK-ARM Professional  Version: 5.27.1.0
Toolchain Path:  d:\Keil_v5\ARM\ARMCC\Bin
C Compiler:      Armcc.exe V5.06 update 6 (build 750)
Assembler:       Armasm.exe V5.06 update 6 (build 750)
Linker/Locator:  ArmLink.exe V5.06 update 6 (build 750)
Library Manager: ArmAr.exe V5.06 update 6 (build 750)
Hex Converter:   FromElf.exe V5.06 update 6 (build 750)
CPU DLL:         SARMCM3.DLL V5.27.1.0
Dialog DLL:      DCM.DLL V1.17.2.0
Target DLL:      Segger\JL2CM3.dll V2.97.0.0
Dialog DLL:      TCM.DLL V1.36.1.0
 
<h2>Project:</h2>
E:\Work\8.SwingDoor\2.Src\SwingDoorApp\MDK_PRO\SwingDoorApp.uvprojx
Project File Date:  02/28/2020

<h2>Output:</h2>
*** Using Compiler 'V5.06 update 6 (build 750)', folder: 'd:\Keil_v5\ARM\ARMCC\Bin'
Build target 'SwingDoorApp'
compiling stm32f4xx_it.c...
compiling system_stm32f4xx.c...
compiling comm.c...
compiling main.c...
compiling Devinfo.c...
compiling errorcode.c...
compiling tool.c...
compiling test.c...
compiling BarCode_Task.c...
compiling HandShake_Task.c...
compiling MsgParse_Task.c...
..\4UserLayer\Task\MsgParse_Task.c(62): warning:  #223-D: function "deal_Serial_Parse" declared implicitly
          deal_Serial_Parse();    
..\4UserLayer\Task\MsgParse_Task.c(63): warning:  #223-D: function "deal_rx_data" declared implicitly
  	    deal_rx_data();
..\4UserLayer\Task\MsgParse_Task.c: 2 warnings, 0 errors
compiling Led_Task.c...
compiling MotorCtrl_Task.c...
..\4UserLayer\Task\MotorCtrl_Task.c(99): warning:  #167-D: argument of type "uint8_t *" is incompatible with parameter of type "char *"
              dbh("A Recv£º",ptMotor->data, MOTORCTRL_QUEUE_BUF_LEN);
..\4UserLayer\Task\MotorCtrl_Task.c(71): warning:  #177-D: variable "recvbuff"  was declared but never referenced
      char *recvbuff;
..\4UserLayer\Task\MotorCtrl_Task.c: 2 warnings, 0 errors
compiling Watchdog_Task.c...
..\4UserLayer\Task\Watchdog_Task.c(68): warning:  #223-D: function "bsp_InitIwdg" declared implicitly
      bsp_InitIwdg(4000);
..\4UserLayer\Task\Watchdog_Task.c(87): warning:  #223-D: function "IWDG_Feed" declared implicitly
              IWDG_Feed(); //Î¹¹·           
..\4UserLayer\Task\Watchdog_Task.c: 2 warnings, 0 errors
compiling Reader_Task.c...
..\4UserLayer\Task\Reader_Task.c(76): warning:  #223-D: function "bsp_WeiGenScanf" declared implicitly
              CardID = bsp_WeiGenScanf();
..\4UserLayer\Task\Reader_Task.c(80): warning:  #223-D: function "memset" declared implicitly
                  memset(dat,0x00,sizeof(dat));            
..\4UserLayer\Task\Reader_Task.c: 2 warnings, 0 errors
compiling Sensor_Task.c...
..\4UserLayer\Task\Sensor_Task.c(72): warning:  #223-D: function "memset" declared implicitly
              memset(dat,0x00,sizeof(dat));
..\4UserLayer\Task\Sensor_Task.c: 1 warning, 0 errors
compiling delay.c...
compiling sys.c...
compiling ini.c...
compiling stmflash.c...
compiling cJSON.c...
compiling malloc.c...
compiling bsp_spi_flash.c...
compiling bsp_beep.c...
compiling bsp_key.c...
compiling bsp_infrared.c...
compiling bsp_led.c...
compiling bsp_time.c...
compiling bsp.c...
compiling bsp_iwdg.c...
compiling bsp_uart_fifo.c...
compiling bsp_Wiegand.c...
compiling UARTQueue.c...
compiling stm32f4xx_gpio.c...
compiling bsp_uart.c...
compiling misc.c...
compiling stm32f4xx_i2c.c...
compiling stm32f4xx_syscfg.c...
compiling stm32f4xx_usart.c...
compiling stm32f4xx_rcc.c...
compiling stm32f4xx_wwdg.c...
compiling stm32f4xx_spi.c...
compiling stm32f4xx_dma.c...
compiling stm32f4xx_tim.c...
assembling startup_stm32f40_41xxx.s...
compiling stm32f4xx_exti.c...
compiling stm32f4xx_iwdg.c...
compiling stm32f4xx_flash.c...
compiling list.c...
compiling event_groups.c...
compiling croutine.c...
compiling queue.c...
compiling stream_buffer.c...
compiling timers.c...
compiling tasks.c...
compiling heap_4.c...
compiling port.c...
compiling easyflash.c...
compiling ef_utils.c...
compiling sfud_sfdp.c...
compiling sfud.c...
compiling sfud_port.c...
compiling ef_env.c...
compiling ef_port.c...
linking...
Program Size: Code=48002 RO-data=4106 RW-data=464 ZI-data=173008  
FromELF: creating hex file...
After Build - User command #1: fromelf --bin -o "..\6Bin\SwingDoorApp.bin" "..\6Bin\SwingDoorApp.axf"
"..\6Bin\SwingDoorApp.axf" - 0 Error(s), 9 Warning(s).

<h2>Software Packages used:</h2>

Package Vendor: Keil
                http://www.keil.com/pack/Keil.STM32F4xx_DFP.2.14.0.pack
                Keil.STM32F4xx_DFP.2.14.0
                STMicroelectronics STM32F4 Series Device Support, Drivers and Examples

<h2>Collection of Component include folders:</h2>
  .\RTE\_SwingDoorApp
  d:\Keil_v5\Packs\Keil\STM32F4xx_DFP\2.14.0\Drivers\CMSIS\Device\ST\STM32F4xx\Include

<h2>Collection of Component Files used:</h2>
Build Time Elapsed:  00:00:14
</pre>
</body>
</html>
