<html>
<body>
<pre>
<h1>µVision Build Log</h1>
<h2>Tool Versions:</h2>
IDE-Version: ¦ÌVision V5.27.1.0
Copyright (C) 2019 ARM Ltd and ARM Germany GmbH. All rights reserved.
License Information: 1 Microsoft, Microsoft, LIC=Z3C63-AKAM0-35ETX-HL15E-PE1BW-IPH2E
 
Tool Versions:
Toolchain:       MDK-ARM Professional  Version: 5.27.1.0
Toolchain Path:  d:\Keil_v5\ARM\ARMCC\Bin
C Compiler:      Armcc.exe V5.06 update 6 (build 750)
Assembler:       Armasm.exe V5.06 update 6 (build 750)
Linker/Locator:  ArmLink.exe V5.06 update 6 (build 750)
Library Manager: ArmAr.exe V5.06 update 6 (build 750)
Hex Converter:   FromElf.exe V5.06 update 6 (build 750)
CPU DLL:         SARMCM3.DLL V5.27.1.0
Dialog DLL:      DCM.DLL V1.17.2.0
Target DLL:      Segger\JL2CM3.dll V2.97.0.0
Dialog DLL:      TCM.DLL V1.36.1.0
 
<h2>Project:</h2>
E:\Work\8.SwingDoor\2.Src\SwingDoorApp\MDK_PRO\SwingDoorApp.uvprojx
Project File Date:  02/28/2020

<h2>Output:</h2>
*** Using Compiler 'V5.06 update 6 (build 750)', folder: 'd:\Keil_v5\ARM\ARMCC\Bin'
Build target 'SwingDoorApp'
compiling bsp_iwdg.c...
compiling BarCode_Task.c...
compiling bsp.c...
compiling main.c...
..\4UserLayer\main.c(41): warning:  #177-D: variable "xHandleTaskAppCreate"  was declared but never referenced
  static TaskHandle_t xHandleTaskAppCreate = NULL;     
..\4UserLayer\main.c: 1 warning, 0 errors
linking...
Program Size: Code=47942 RO-data=4090 RW-data=456 ZI-data=173016  
FromELF: creating hex file...
After Build - User command #1: fromelf --bin -o "..\6Bin\SwingDoorApp.bin" "..\6Bin\SwingDoorApp.axf"
"..\6Bin\SwingDoorApp.axf" - 0 Error(s), 1 Warning(s).

<h2>Software Packages used:</h2>

Package Vendor: Keil
                http://www.keil.com/pack/Keil.STM32F4xx_DFP.2.14.0.pack
                Keil.STM32F4xx_DFP.2.14.0
                STMicroelectronics STM32F4 Series Device Support, Drivers and Examples

<h2>Collection of Component include folders:</h2>
  .\RTE\_SwingDoorApp
  d:\Keil_v5\Packs\Keil\STM32F4xx_DFP\2.14.0\Drivers\CMSIS\Device\ST\STM32F4xx\Include

<h2>Collection of Component Files used:</h2>
Build Time Elapsed:  00:00:03
</pre>
</body>
</html>
